

Tue Feb  9 13:23:23 2021
Command line: TestDisk

TestDisk 7.1, Data Recovery Utility, July 2019
Christophe GRENIER <grenier@cgsecurity.org>
https://www.cgsecurity.org
OS: Linux, kernel 5.4.0-65-generic (#73-Ubuntu SMP Mon Jan 18 17:25:17 UTC 2021) x86_64
Compiler: GCC 9.2
ext2fs lib: 1.45.5, ntfs lib: libntfs-3g, reiserfs lib: none, ewf lib: none, curses lib: ncurses 6.1
User is not root!
Hard disk list


TestDisk exited normally.
Using locale 'LC_CTYPE=en_US.UTF-8;LC_NUMERIC=nb_NO.UTF-8;LC_TIME=nb_NO.UTF-8;LC_COLLATE=en_US.UTF-8;LC_MONETARY=nb_NO.UTF-8;LC_MESSAGES=en_US.UTF-8;LC_PAPER=nb_NO.UTF-8;LC_NAME=nb_NO.UTF-8;LC_ADDRESS=nb_NO.UTF-8;LC_TELEPHONE=nb_NO.UTF-8;LC_MEASUREMENT=nb_NO.UTF-8;LC_IDENTIFICATION=nb_NO.UTF-8'.


Tue Feb  9 13:23:23 2021
Command line: TestDisk /debug

TestDisk 7.1, Data Recovery Utility, July 2019
Christophe GRENIER <grenier@cgsecurity.org>
https://www.cgsecurity.org
OS: Linux, kernel 5.4.0-65-generic (#73-Ubuntu SMP Mon Jan 18 17:25:17 UTC 2021) x86_64
Compiler: GCC 9.2
ext2fs lib: 1.45.5, ntfs lib: libntfs-3g, reiserfs lib: none, ewf lib: none, curses lib: ncurses 6.1
/dev/sda: LBA, HPA, LBA48, DCO support
/dev/sda: size       500118192 sectors
/dev/sda: user_max   500118192 sectors
/dev/sda: native_max 500118192 sectors
/dev/sda: dco        500118192 sectors
Warning: can't get size for Disk /dev/mapper/control - 0 B - 0 sectors, sector size=512
Warning: can't get size for Disk /dev/loop25 - 0 B - 0 sectors, sector size=512
Hard disk list
Disk /dev/sda - 256 GB / 238 GiB - CHS 31130 255 63, sector size=512 - C400-MTFDDAK256MAM, S/N:00000000121203337A67, FW:05TD
Disk /dev/mapper/sda5_crypt - 255 GB / 237 GiB - 498612224 sectors, sector size=512
Disk /dev/mapper/ubuntu--vg-root - 254 GB / 236 GiB - 496599040 sectors, sector size=512
Disk /dev/mapper/ubuntu--vg-swap_1 - 1027 MB / 980 MiB - 2007040 sectors, sector size=512
Disk /dev/dm-0 - 255 GB / 237 GiB - 498612224 sectors, sector size=512
Disk /dev/dm-1 - 254 GB / 236 GiB - 496599040 sectors, sector size=512
Disk /dev/dm-2 - 1027 MB / 980 MiB - 2007040 sectors, sector size=512
Disk /dev/loop0 - 102 MB / 97 MiB - 200416 sectors (RO), sector size=512
Disk /dev/loop1 - 102 MB / 97 MiB - 200464 sectors (RO), sector size=512
Disk /dev/loop10 - 181 MB / 172 MiB - 354232 sectors (RO), sector size=512
Disk /dev/loop11 - 228 MB / 217 MiB - 446248 sectors (RO), sector size=512
Disk /dev/loop12 - 58 MB / 55 MiB - 113592 sectors (RO), sector size=512
Disk /dev/loop13 - 82 MB / 78 MiB - 161440 sectors (RO), sector size=512
Disk /dev/loop14 - 187 MB / 178 MiB - 365512 sectors (RO), sector size=512
Disk /dev/loop15 - 53 MB / 51 MiB - 104536 sectors (RO), sector size=512
Disk /dev/loop16 - 647 MB / 617 MiB - 1264880 sectors (RO), sector size=512
Disk /dev/loop17 - 82 MB / 78 MiB - 161424 sectors (RO), sector size=512
Disk /dev/loop18 - 53 MB / 51 MiB - 104496 sectors (RO), sector size=512
Disk /dev/loop19 - 184 MB / 175 MiB - 359928 sectors (RO), sector size=512
Disk /dev/loop2 - 147 MB / 140 MiB - 288064 sectors (RO), sector size=512
Disk /dev/loop20 - 2273 KB / 2220 KiB - 4440 sectors (RO), sector size=512
Disk /dev/loop21 - 631 MB / 601 MiB - 1232432 sectors (RO), sector size=512
Disk /dev/loop22 - 67 MB / 64 MiB - 132648 sectors (RO), sector size=512
Disk /dev/loop23 - 18 MB / 17 MiB - 36552 sectors (RO), sector size=512
Disk /dev/loop24 - 177 MB / 169 MiB - 346736 sectors (RO), sector size=512
Disk /dev/loop3 - 170 MB / 162 MiB - 333552 sectors (RO), sector size=512
Disk /dev/loop4 - 58 MB / 55 MiB - 113424 sectors (RO), sector size=512
Disk /dev/loop5 - 147 MB / 140 MiB - 288088 sectors (RO), sector size=512
Disk /dev/loop6 - 169 MB / 161 MiB - 330576 sectors (RO), sector size=512
Disk /dev/loop7 - 229 MB / 218 MiB - 448496 sectors (RO), sector size=512
Disk /dev/loop8 - 3825 KB / 3736 KiB - 7472 sectors (RO), sector size=512
Disk /dev/loop9 - 65 MB / 62 MiB - 127160 sectors (RO), sector size=512

Partition table type (auto): Intel
Partition table type (auto): Intel
Disk /dev/sda - 256 GB / 238 GiB - C400-MTFDDAK256MAM
Partition table type: Intel

Interface Advanced
Geometry from i386 MBR: head=255 sector=63
 1 * Linux                    0  32 33    93  80 51    1497088
     ext4 blocksize=4096 Large_file Sparse_SB Recover, 766 MB / 731 MiB
 2 E extended                93 113 19 31130 223  5  498616322
 5 L Linux                   93 113 21 31130 223  5  498616320
     LUKS 1, 255 GB / 237 GiB
Partition table type (auto): Intel
Disk /dev/sda - 256 GB / 238 GiB - C400-MTFDDAK256MAM
Partition table type: EFI GPT

Interface Advanced
Bad GPT partition, invalid signature.
Trying alternate GPT
Bad GPT partition, invalid signature.
Partition table type (auto): Intel
Disk /dev/sda - 256 GB / 238 GiB - C400-MTFDDAK256MAM
Partition table type: Intel

Interface Advanced
Geometry from i386 MBR: head=255 sector=63
 1 * Linux                    0  32 33    93  80 51    1497088
     ext4 blocksize=4096 Large_file Sparse_SB Recover, 766 MB / 731 MiB
 2 E extended                93 113 19 31130 223  5  498616322
 5 L Linux                   93 113 21 31130 223  5  498616320
     LUKS 1, 255 GB / 237 GiB
Partition table type (auto): None
Disk /dev/mapper/sda5_crypt - 255 GB / 237 GiB
Partition table type: Intel

Interface Advanced
Partition table type (auto): None
Disk /dev/mapper/ubuntu--vg-root - 254 GB / 236 GiB
Partition table type: Intel

Interface Advanced
Partition table type (auto): None
Disk /dev/dm-0 - 255 GB / 237 GiB
Partition table type: Intel

Interface Advanced
Partition table type (auto): None
Disk /dev/dm-1 - 254 GB / 236 GiB
Partition table type: Intel

Interface Advanced
Partition table type (auto): None
Disk /dev/dm-2 - 1027 MB / 980 MiB
Partition table type: Intel

Interface Advanced
Partition table type (auto): Intel
Disk /dev/sda - 256 GB / 238 GiB - C400-MTFDDAK256MAM
Partition table type: EFI GPT

Interface Advanced
Bad GPT partition, invalid signature.
Trying alternate GPT
Bad GPT partition, invalid signature.
Partition table type (auto): Intel
Disk /dev/sda - 256 GB / 238 GiB - C400-MTFDDAK256MAM
Partition table type: Intel

Interface Advanced
Geometry from i386 MBR: head=255 sector=63
 1 * Linux                    0  32 33    93  80 51    1497088
     ext4 blocksize=4096 Large_file Sparse_SB Recover, 766 MB / 731 MiB
 2 E extended                93 113 19 31130 223  5  498616322
 5 L Linux                   93 113 21 31130 223  5  498616320
     LUKS 1, 255 GB / 237 GiB

TestDisk exited normally.
